{
  "ok": true,
  "chat_alerts": [],
  "resources": [
    {
      "name": "Уголь",
      "current": 488000.0,
      "max": 488000.0,
      "pct": 100.0,
      "state": "требуется ребут",
      "id": "start_res1",
      "craft_info": {
        "progress": 0.0,
        "craft": 0.0,
        "craft_real": 0.0,
        "workers": 2034.0
      }
    },
    {
      "name": "D1 Разведчик",
      "current": 3000.0,
      "max": 3000.0,
      "pct": 100.0,
      "state": "требуется ребут",
      "id": "d1",
      "craft_info": {
        "progress": 0.0,
        "craft": 0.0,
        "craft_real": 0.0,
        "workers": 25.0
      }
    },
    {
      "name": "D2R2 Строитель",
      "current": 7100.0,
      "max": 7100.0,
      "pct": 100.0,
      "state": "требуется ребут",
      "id": "d2r2",
      "craft_info": {
        "progress": 0.0,
        "craft": 0.0,
        "craft_real": 0.0,
        "workers": 142.0
      }
    },
    {
      "name": "Патроны 7,62",
      "current": 979000.0,
      "max": 979000.0,
      "pct": 100.0,
      "state": "требуется ребут",
      "id": "ammo762",
      "craft_info": {
        "progress": 0.0,
        "craft": 0.0,
        "craft_real": 0.0,
        "workers": 816.0
      }
    },
    {
      "name": "Порох",
      "current": 1843000.0,
      "max": 1843000.0,
      "pct": 100.0,
      "state": "требуется ребут",
      "id": "powder",
      "craft_info": {
        "progress": 0.0,
        "craft": 0.0,
        "craft_real": 0.0,
        "workers": 5120.0
      }
    },
    {
      "name": "Сера",
      "current": 4969000.0,
      "max": 4969000.0,
      "pct": 100.0,
      "state": "требуется ребут",
      "id": "sulfur",
      "craft_info": {
        "progress": 0.0,
        "craft": 0.0,
        "craft_real": 0.0,
        "workers": 6902.0
      }
    },
    {
      "name": "Серная кислота",
      "current": 93000.0,
      "max": 93000.0,
      "pct": 100.0,
      "state": "требуется ребут",
      "id": "sulfuracid",
      "craft_info": {
        "progress": 0.0,
        "craft": 0.0,
        "craft_real": 0.0,
        "workers": 388.0
      }
    },
    {
      "name": "Миниган",
      "current": 4800.0,
      "max": 4800.0,
      "pct": 100.0,
      "state": "требуется ребут",
      "id": "minigun",
      "craft_info": {
        "progress": 0.0,
        "craft": 0.0,
        "craft_real": 0.0,
        "workers": 160.0
      }
    },
    {
      "name": "T-1",
      "current": 2900.0,
      "max": 2900.0,
      "pct": 100.0,
      "state": "требуется ребут",
      "id": "t1",
      "craft_info": {
        "progress": 0.0,
        "craft": 0.0,
        "craft_real": 0.0,
        "workers": 145.0
      }
    },
    {
      "name": "PB-кислота",
      "current": 14000.0,
      "max": 14000.0,
      "pct": 100.0,
      "state": "требуется ребут",
      "id": "pbacid",
      "craft_info": {
        "progress": 0.0,
        "craft": 0.0,
        "craft_real": 0.0,
        "workers": 140.0
      }
    },
    {
      "name": "D1 Какамикадзе",
      "current": 14600.0,
      "max": 14600.0,
      "pct": 100.0,
      "state": "требуется ребут",
      "id": "d1k",
      "craft_info": {
        "progress": 0.0,
        "craft": 0.0,
        "craft_real": 0.0,
        "workers": 163.0
      }
    },
    {
      "name": "Урановые таблетки",
      "current": 0.0,
      "max": 24.0,
      "pct": 0.0,
      "state": "требуется ребут",
      "id": "uran_pills",
      "craft_info": {
        "progress": 3264.287,
        "craft": 0.0,
        "craft_real": 0.0,
        "workers": 1.0
      }
    },
    {
      "name": "Событийный ресурс",
      "current": 270.0,
      "max": 99999.0,
      "pct": 0.3,
      "state": "простаивает",
      "id": "event_res",
      "craft_info": {
        "progress": 0.0,
        "craft": 0.0,
        "craft_real": 0.0,
        "workers": 0
      }
    },
    {
      "name": "Кассета",
      "current": 16080.0,
      "max": 58000.0,
      "pct": 27.7,
      "state": "требуется ребут",
      "id": "cassete",
      "craft_info": {
        "progress": 112.35499999999999,
        "craft": 0.0,
        "craft_real": 0.0,
        "workers": 145.0
      }
    },
    {
      "name": "Микросхема",
      "current": 71750.0,
      "max": 72000.0,
      "pct": 99.7,
      "state": "требуется ребут",
      "id": "microcircuit1",
      "craft_info": {
        "progress": 52.355,
        "craft": 0.0,
        "craft_real": 0.0,
        "workers": 400.0
      }
    },
    {
      "name": "Кремний",
      "current": 516775.0,
      "max": 521000.0,
      "pct": 99.2,
      "state": "требуется ребут",
      "id": "silicon",
      "craft_info": {
        "progress": 101.35499999999999,
        "craft": 0.0,
        "craft_real": 0.0,
        "workers": 2171.0
      }
    },
    {
      "name": "Уран",
      "current": 134.0,
      "max": 118800.0,
      "pct": 0.1,
      "state": "требуется ребут",
      "id": "uranus",
      "craft_info": {
        "progress": 145.355,
        "craft": 0.0,
        "craft_real": 0.0,
        "workers": 10.0
      }
    },
    {
      "name": "Дискета",
      "current": 16080.0,
      "max": 31000.0,
      "pct": 51.9,
      "state": "требуется ребут",
      "id": "floppy",
      "craft_info": {
        "progress": 15.354999999999995,
        "craft": 0.0,
        "craft_real": 0.0,
        "workers": 130.0
      }
    },
    {
      "name": "D2",
      "current": 11800.0,
      "max": 11800.0,
      "pct": 100.0,
      "state": "требуется ребут",
      "id": "start_res2",
      "craft_info": {
        "progress": 0.0,
        "craft": 0.0,
        "craft_real": 0.0,
        "workers": 132.0
      }
    },
    {
      "name": "Жёсткий диск",
      "current": 4725.0,
      "max": 10500.0,
      "pct": 45.0,
      "state": "требуется ребут",
      "id": "hdd",
      "craft_info": {
        "progress": 60.355,
        "craft": 0.0,
        "craft_real": 0.0,
        "workers": 175.0
      }
    },
    {
      "name": "Кварц",
      "current": 1066120.0,
      "max": 1189000.0,
      "pct": 89.7,
      "state": "требуется ребут",
      "id": "quartz",
      "craft_info": {
        "progress": 41.355,
        "craft": 0.0,
        "craft_real": 0.0,
        "workers": 1982.0
      }
    },
    {
      "name": "Алюминий",
      "current": 2038825.0,
      "max": 2041000.0,
      "pct": 99.9,
      "state": "требуется ребут",
      "id": "aluminum",
      "craft_info": {
        "progress": 0.0,
        "craft": 0.0,
        "craft_real": 0.0,
        "workers": 5670.0
      }
    },
    {
      "name": "Сплав",
      "current": 265000.0,
      "max": 265000.0,
      "pct": 100.0,
      "state": "требуется ребут",
      "id": "alloy1",
      "craft_info": {
        "progress": 0.0,
        "craft": 0.0,
        "craft_real": 0.0,
        "workers": 1105.0
      }
    },
    {
      "name": "Мясной бегун",
      "current": 260.0,
      "max": 300.0,
      "pct": 86.7,
      "state": "требуется ребут",
      "id": "meatrunner",
      "craft_info": {
        "progress": 674.355,
        "craft": 0.0,
        "craft_real": 0.0,
        "workers": 10.0
      }
    }
  ],
  "notes": [],
  "steps": [
    {
      "name": "initUser",
      "status": "ok",
      "detail": "HTTP 200; извлечено: game_state, farm_ends_at, is_premium, balance_coin, balance_mcoin"
    }
  ],
  "farm_ends_at": 1789580694231
}