09:36:31 INFO telethon.crypto.aes: libssl detected, it will be used for encryption
09:36:31 INFO telethon.network.mtprotosender: Connecting to 149.154.167.51:443/TcpFull...
09:36:31 INFO telethon.network.mtprotosender: Connection to 149.154.167.51:443/TcpFull complete!
09:36:35 INFO telethon.network.mtprotosender: Disconnecting from 149.154.167.51:443/TcpFull...
09:36:35 INFO telethon.network.mtprotosender: Disconnection from 149.154.167.51:443/TcpFull complete!
{
  "ok": true,
  "chat_alerts": [],
  "resources": [
    {
      "name": "Уголь",
      "current": 488000.0,
      "max": 488000.0,
      "pct": 100.0,
      "state": "склад переполнен",
      "id": "start_res1",
      "craft_info": {
        "progress": 0.0,
        "craft": 0.0,
        "craft_real": 0.0,
        "workers": 2034.0
      }
    },
    {
      "name": "D1 Разведчик",
      "current": 3000.0,
      "max": 3000.0,
      "pct": 100.0,
      "state": "склад переполнен",
      "id": "d1",
      "craft_info": {
        "progress": 0.0,
        "craft": 0.0,
        "craft_real": 0.0,
        "workers": 25.0
      }
    },
    {
      "name": "D2R2 Строитель",
      "current": 7100.0,
      "max": 7100.0,
      "pct": 100.0,
      "state": "склад переполнен",
      "id": "d2r2",
      "craft_info": {
        "progress": 0.0,
        "craft": 0.0,
        "craft_real": 0.0,
        "workers": 142.0
      }
    },
    {
      "name": "Патроны 7,62",
      "current": 979000.0,
      "max": 979000.0,
      "pct": 100.0,
      "state": "склад переполнен",
      "id": "ammo762",
      "craft_info": {
        "progress": 0.0,
        "craft": 0.0,
        "craft_real": 0.0,
        "workers": 816.0
      }
    },
    {
      "name": "Порох",
      "current": 1843000.0,
      "max": 1843000.0,
      "pct": 100.0,
      "state": "склад переполнен",
      "id": "powder",
      "craft_info": {
        "progress": 0.0,
        "craft": 0.0,
        "craft_real": 0.0,
        "workers": 5120.0
      }
    },
    {
      "name": "Сера",
      "current": 4969000.0,
      "max": 4969000.0,
      "pct": 100.0,
      "state": "склад переполнен",
      "id": "sulfur",
      "craft_info": {
        "progress": 0.0,
        "craft": 0.0,
        "craft_real": 0.0,
        "workers": 6902.0
      }
    },
    {
      "name": "Серная кислота",
      "current": 93000.0,
      "max": 93000.0,
      "pct": 100.0,
      "state": "склад переполнен",
      "id": "sulfuracid",
      "craft_info": {
        "progress": 0.0,
        "craft": 0.0,
        "craft_real": 0.0,
        "workers": 388.0
      }
    },
    {
      "name": "Миниган",
      "current": 4800.0,
      "max": 4800.0,
      "pct": 100.0,
      "state": "склад переполнен",
      "id": "minigun",
      "craft_info": {
        "progress": 0.0,
        "craft": 0.0,
        "craft_real": 0.0,
        "workers": 160.0
      }
    },
    {
      "name": "T-1",
      "current": 2900.0,
      "max": 2900.0,
      "pct": 100.0,
      "state": "склад переполнен",
      "id": "t1",
      "craft_info": {
        "progress": 0.0,
        "craft": 0.0,
        "craft_real": 0.0,
        "workers": 145.0
      }
    },
    {
      "name": "PB-кислота",
      "current": 14000.0,
      "max": 14000.0,
      "pct": 100.0,
      "state": "склад переполнен",
      "id": "pbacid",
      "craft_info": {
        "progress": 0.0,
        "craft": 0.0,
        "craft_real": 0.0,
        "workers": 140.0
      }
    },
    {
      "name": "D2",
      "current": 11800.0,
      "max": 11800.0,
      "pct": 100.0,
      "state": "склад переполнен",
      "id": "start_res2",
      "craft_info": {
        "progress": 0.0,
        "craft": 0.0,
        "craft_real": 0.0,
        "workers": 132.0
      }
    },
    {
      "name": "D1 Какамикадзе",
      "current": 14600.0,
      "max": 14600.0,
      "pct": 100.0,
      "state": "склад переполнен",
      "id": "d1k",
      "craft_info": {
        "progress": 0.0,
        "craft": 0.0,
        "craft_real": 0.0,
        "workers": 163.0
      }
    },
    {
      "name": "Кассета",
      "current": 51395.0,
      "max": 58000.0,
      "pct": 88.6,
      "state": "",
      "id": "cassete",
      "craft_info": {
        "progress": 78.62199999999999,
        "craft": 0.0,
        "craft_real": 0.0,
        "workers": 145.0
      }
    },
    {
      "name": "Микросхема",
      "current": 71700.0,
      "max": 72000.0,
      "pct": 99.6,
      "state": "",
      "id": "microcircuit1",
      "craft_info": {
        "progress": 104.62199999999999,
        "craft": 0.0,
        "craft_real": 0.0,
        "workers": 400.0
      }
    },
    {
      "name": "Дискета",
      "current": 12870.0,
      "max": 31000.0,
      "pct": 41.5,
      "state": "",
      "id": "floppy",
      "craft_info": {
        "progress": 403.9260000000001,
        "craft": 0.0,
        "craft_real": 0.0,
        "workers": 130.0
      }
    },
    {
      "name": "Урановые таблетки",
      "current": 0.0,
      "max": 24.0,
      "pct": 0.0,
      "state": "",
      "id": "uran_pills",
      "craft_info": {
        "progress": 3469.721,
        "craft": 0.0,
        "craft_real": 0.0,
        "workers": 1.0
      }
    },
    {
      "name": "Жёсткий диск",
      "current": 4550.0,
      "max": 10500.0,
      "pct": 43.3,
      "state": "",
      "id": "hdd",
      "craft_info": {
        "progress": 204.9260000000001,
        "craft": 0.0,
        "craft_real": 0.0,
        "workers": 175.0
      }
    },
    {
      "name": "Кварц",
      "current": 1166320.0,
      "max": 1189000.0,
      "pct": 98.1,
      "state": "",
      "id": "quartz",
      "craft_info": {
        "progress": 7.621999999999991,
        "craft": 0.0,
        "craft_real": 0.0,
        "workers": 1982.0
      }
    },
    {
      "name": "Алюминий",
      "current": 2041000.0,
      "max": 2041000.0,
      "pct": 100.0,
      "state": "склад переполнен",
      "id": "aluminum",
      "craft_info": {
        "progress": 68.62199999999999,
        "craft": 0.0,
        "craft_real": 0.0,
        "workers": 5670.0
      }
    },
    {
      "name": "Сплав",
      "current": 265000.0,
      "max": 265000.0,
      "pct": 100.0,
      "state": "склад переполнен",
      "id": "alloy1",
      "craft_info": {
        "progress": 0.0,
        "craft": 0.0,
        "craft_real": 0.0,
        "workers": 1105.0
      }
    },
    {
      "name": "Мясной бегун",
      "current": 125.0,
      "max": 300.0,
      "pct": 41.7,
      "state": "",
      "id": "meatrunner",
      "craft_info": {
        "progress": 164.046,
        "craft": 0.0,
        "craft_real": 0.0,
        "workers": 10.0
      }
    },
    {
      "name": "Кремний",
      "current": 519517.0,
      "max": 521000.0,
      "pct": 99.7,
      "state": "",
      "id": "silicon",
      "craft_info": {
        "progress": 67.62199999999999,
        "craft": 0.0,
        "craft_real": 0.0,
        "workers": 2171.0
      }
    },
    {
      "name": "Уран",
      "current": 144.0,
      "max": 118800.0,
      "pct": 0.1,
      "state": "",
      "id": "uranus",
      "craft_info": {
        "progress": 112.62199999999999,
        "craft": 0.0,
        "craft_real": 0.0,
        "workers": 10.0
      }
    },
    {
      "name": "Событийный ресурс",
      "current": 202.0,
      "max": 99999.0,
      "pct": 0.2,
      "state": "простаивает",
      "id": "event_res",
      "craft_info": {
        "progress": 0.0,
        "craft": 0.0,
        "craft_real": 0.0,
        "workers": 0
      }
    }
  ],
  "notes": [],
  "steps": [
    {
      "name": "initUser",
      "status": "ok",
      "detail": "HTTP 200; извлечено: game_state, farm_ends_at, is_premium, balance_coin, balance_mcoin"
    }
  ],
  "farm_ends_at": 1789580694231
}
