15:02:34 INFO telethon.crypto.aes: libssl detected, it will be used for encryption
15:02:34 INFO telethon.network.mtprotosender: Connecting to 149.154.167.51:443/TcpFull...
15:02:34 INFO telethon.network.mtprotosender: Connection to 149.154.167.51:443/TcpFull complete!
15:02:48 INFO telethon.network.mtprotosender: Disconnecting from 149.154.167.51:443/TcpFull...
15:02:48 INFO telethon.network.mtprotosender: Disconnection from 149.154.167.51:443/TcpFull complete!
{
  "ok": true,
  "chat_alerts": [],
  "resources": [
    {
      "name": "Уголь",
      "current": 486758.0,
      "max": 488000.0,
      "pct": 99.7,
      "state": "",
      "id": "start_res1"
    },
    {
      "name": "D1 Разведчик",
      "current": 3000.0,
      "max": 3000.0,
      "pct": 100.0,
      "state": "склад переполнен",
      "id": "d1"
    },
    {
      "name": "D2R2 Строитель",
      "current": 7100.0,
      "max": 7100.0,
      "pct": 100.0,
      "state": "склад переполнен",
      "id": "d2r2"
    },
    {
      "name": "Патроны 7,62",
      "current": 979000.0,
      "max": 979000.0,
      "pct": 100.0,
      "state": "склад переполнен",
      "id": "ammo762"
    },
    {
      "name": "Порох",
      "current": 1843000.0,
      "max": 1843000.0,
      "pct": 100.0,
      "state": "склад переполнен",
      "id": "powder"
    },
    {
      "name": "Сера",
      "current": 4969000.0,
      "max": 4969000.0,
      "pct": 100.0,
      "state": "склад переполнен",
      "id": "sulfur"
    },
    {
      "name": "Серная кислота",
      "current": 93000.0,
      "max": 93000.0,
      "pct": 100.0,
      "state": "склад переполнен",
      "id": "sulfuracid"
    },
    {
      "name": "Миниган",
      "current": 4800.0,
      "max": 4800.0,
      "pct": 100.0,
      "state": "склад переполнен",
      "id": "minigun"
    },
    {
      "name": "T-1",
      "current": 2900.0,
      "max": 2900.0,
      "pct": 100.0,
      "state": "склад переполнен",
      "id": "t1"
    },
    {
      "name": "PB-кислота",
      "current": 14000.0,
      "max": 14000.0,
      "pct": 100.0,
      "state": "склад переполнен",
      "id": "pbacid"
    },
    {
      "name": "Урановые таблетки",
      "current": 0.0,
      "max": 24.0,
      "pct": 0.0,
      "state": "",
      "id": "uran_pills"
    },
    {
      "name": "Событийный ресурс",
      "current": 134.0,
      "max": 99999.0,
      "pct": 0.1,
      "state": "простаивает",
      "id": "event_res"
    },
    {
      "name": "Сплав",
      "current": 263150.0,
      "max": 265000.0,
      "pct": 99.3,
      "state": "",
      "id": "alloy1"
    },
    {
      "name": "Кассета",
      "current": 47110.0,
      "max": 58000.0,
      "pct": 81.2,
      "state": "",
      "id": "cassete"
    },
    {
      "name": "Микросхема",
      "current": 71700.0,
      "max": 72000.0,
      "pct": 99.6,
      "state": "",
      "id": "microcircuit1"
    },
    {
      "name": "Кремний",
      "current": 518946.0,
      "max": 521000.0,
      "pct": 99.6,
      "state": "",
      "id": "silicon"
    },
    {
      "name": "Уран",
      "current": 314.0,
      "max": 118800.0,
      "pct": 0.3,
      "state": "",
      "id": "uranus"
    },
    {
      "name": "Дискета",
      "current": 5480.0,
      "max": 31000.0,
      "pct": 17.7,
      "state": "",
      "id": "floppy"
    },
    {
      "name": "D2",
      "current": 11800.0,
      "max": 11800.0,
      "pct": 100.0,
      "state": "склад переполнен",
      "id": "start_res2"
    },
    {
      "name": "Жёсткий диск",
      "current": 1400.0,
      "max": 10500.0,
      "pct": 13.3,
      "state": "",
      "id": "hdd"
    },
    {
      "name": "Кварц",
      "current": 1093734.0,
      "max": 1189000.0,
      "pct": 92.0,
      "state": "",
      "id": "quartz"
    },
    {
      "name": "Алюминий",
      "current": 2040125.0,
      "max": 2041000.0,
      "pct": 100.0,
      "state": "",
      "id": "aluminum"
    },
    {
      "name": "Мясной бегун",
      "current": 200.0,
      "max": 300.0,
      "pct": 66.7,
      "state": "",
      "id": "meatrunner"
    },
    {
      "name": "D1 Какамикадзе",
      "current": 14600.0,
      "max": 14600.0,
      "pct": 100.0,
      "state": "склад переполнен",
      "id": "d1k"
    }
  ],
  "notes": [],
  "steps": [
    {
      "name": "initUser",
      "status": "ok",
      "detail": "HTTP 200; извлечено: game_state, farm_ends_at, is_premium"
    }
  ],
  "farm_ends_at": 1789483903344
}
