14:19:22 INFO telethon.crypto.aes: libssl detected, it will be used for encryption
14:19:22 INFO telethon.network.mtprotosender: Connecting to 149.154.167.51:443/TcpFull...
14:19:22 INFO telethon.network.mtprotosender: Connection to 149.154.167.51:443/TcpFull complete!
14:19:30 INFO telethon.network.mtprotosender: Disconnecting from 149.154.167.51:443/TcpFull...
14:19:30 INFO telethon.network.mtprotosender: Disconnection from 149.154.167.51:443/TcpFull complete!
{
  "ok": true,
  "chat_alerts": [],
  "resources": [
    {
      "name": "Сoal",
      "current": 488000.0,
      "max": 488000.0,
      "pct": 100.0,
      "state": "склад переполнен"
    },
    {
      "name": "D1 Scout",
      "current": 3000.0,
      "max": 3000.0,
      "pct": 100.0,
      "state": "склад переполнен"
    },
    {
      "name": "D2R2 Builder",
      "current": 7100.0,
      "max": 7100.0,
      "pct": 100.0,
      "state": "склад переполнен"
    },
    {
      "name": "Ammo 7.62",
      "current": 979000.0,
      "max": 979000.0,
      "pct": 100.0,
      "state": "склад переполнен"
    },
    {
      "name": "Powder",
      "current": 1843000.0,
      "max": 1843000.0,
      "pct": 100.0,
      "state": "склад переполнен"
    },
    {
      "name": "Sulfur",
      "current": 4969000.0,
      "max": 4969000.0,
      "pct": 100.0,
      "state": "склад переполнен"
    },
    {
      "name": "Sulfur acid",
      "current": 93000.0,
      "max": 93000.0,
      "pct": 100.0,
      "state": "склад переполнен"
    },
    {
      "name": "Minigun",
      "current": 4800.0,
      "max": 4800.0,
      "pct": 100.0,
      "state": "склад переполнен"
    },
    {
      "name": "T-1",
      "current": 2900.0,
      "max": 2900.0,
      "pct": 100.0,
      "state": "склад переполнен"
    },
    {
      "name": "PB-acid",
      "current": 14000.0,
      "max": 14000.0,
      "pct": 100.0,
      "state": "склад переполнен"
    },
    {
      "name": "uran pills",
      "current": 1.0,
      "max": 24.0,
      "pct": 4.2,
      "state": ""
    },
    {
      "name": "event_res",
      "current": 134.0,
      "max": 99999.0,
      "pct": 0.1,
      "state": "простаивает"
    },
    {
      "name": "Alloy",
      "current": 265000.0,
      "max": 265000.0,
      "pct": 100.0,
      "state": "склад переполнен"
    },
    {
      "name": "Cassete",
      "current": 45820.0,
      "max": 58000.0,
      "pct": 79.0,
      "state": ""
    },
    {
      "name": "Microcircuit",
      "current": 71650.0,
      "max": 72000.0,
      "pct": 99.5,
      "state": ""
    },
    {
      "name": "Silicon",
      "current": 515877.0,
      "max": 521000.0,
      "pct": 99.0,
      "state": ""
    },
    {
      "name": "Uranus",
      "current": 204.0,
      "max": 118800.0,
      "pct": 0.2,
      "state": ""
    },
    {
      "name": "Floppy-Disk",
      "current": 5250.0,
      "max": 31000.0,
      "pct": 16.9,
      "state": ""
    },
    {
      "name": "D2",
      "current": 11800.0,
      "max": 11800.0,
      "pct": 100.0,
      "state": "склад переполнен"
    },
    {
      "name": "HDD",
      "current": 7000.0,
      "max": 10500.0,
      "pct": 66.7,
      "state": ""
    },
    {
      "name": "Quartz",
      "current": 1104032.0,
      "max": 1189000.0,
      "pct": 92.9,
      "state": ""
    },
    {
      "name": "Aluminum",
      "current": 2040125.0,
      "max": 2041000.0,
      "pct": 100.0,
      "state": ""
    },
    {
      "name": "Meat Runner",
      "current": 180.0,
      "max": 300.0,
      "pct": 60.0,
      "state": ""
    },
    {
      "name": "D1 KaKamikaze",
      "current": 14600.0,
      "max": 14600.0,
      "pct": 100.0,
      "state": "склад переполнен"
    }
  ],
  "notes": [],
  "steps": [
    {
      "name": "initUser",
      "status": "ok",
      "detail": "HTTP 200; извлечено: game_state, farm_ends_at, is_premium"
    }
  ],
  "farm_ends_at": 1789483903344
}
