{
  "ok": true,
  "chat_alerts": [],
  "resources": [
    {
      "name": "Уголь",
      "current": 485653.0,
      "max": 488000.0,
      "pct": 99.5,
      "state": "",
      "id": "start_res1",
      "craft_info": {
        "progress": 9.998000000000138,
        "craft": 0.0,
        "craft_real": 0.0,
        "workers": 2034.0
      }
    },
    {
      "name": "D1 Разведчик",
      "current": 3000.0,
      "max": 3000.0,
      "pct": 100.0,
      "state": "склад переполнен",
      "id": "d1",
      "craft_info": {
        "progress": 0.0,
        "craft": 0.0,
        "craft_real": 0.0,
        "workers": 25.0
      }
    },
    {
      "name": "D2R2 Строитель",
      "current": 7100.0,
      "max": 7100.0,
      "pct": 100.0,
      "state": "склад переполнен",
      "id": "d2r2",
      "craft_info": {
        "progress": 0.0,
        "craft": 0.0,
        "craft_real": 0.0,
        "workers": 142.0
      }
    },
    {
      "name": "Патроны 7,62",
      "current": 979000.0,
      "max": 979000.0,
      "pct": 100.0,
      "state": "склад переполнен",
      "id": "ammo762",
      "craft_info": {
        "progress": 0.0,
        "craft": 0.0,
        "craft_real": 0.0,
        "workers": 816.0
      }
    },
    {
      "name": "Порох",
      "current": 1843000.0,
      "max": 1843000.0,
      "pct": 100.0,
      "state": "склад переполнен",
      "id": "powder",
      "craft_info": {
        "progress": 0.0,
        "craft": 0.0,
        "craft_real": 0.0,
        "workers": 5120.0
      }
    },
    {
      "name": "Сера",
      "current": 4969000.0,
      "max": 4969000.0,
      "pct": 100.0,
      "state": "склад переполнен",
      "id": "sulfur",
      "craft_info": {
        "progress": 0.0,
        "craft": 0.0,
        "craft_real": 0.0,
        "workers": 6902.0
      }
    },
    {
      "name": "Серная кислота",
      "current": 93000.0,
      "max": 93000.0,
      "pct": 100.0,
      "state": "склад переполнен",
      "id": "sulfuracid",
      "craft_info": {
        "progress": 0.0,
        "craft": 0.0,
        "craft_real": 0.0,
        "workers": 388.0
      }
    },
    {
      "name": "Миниган",
      "current": 4800.0,
      "max": 4800.0,
      "pct": 100.0,
      "state": "склад переполнен",
      "id": "minigun",
      "craft_info": {
        "progress": 0.0,
        "craft": 0.0,
        "craft_real": 0.0,
        "workers": 160.0
      }
    },
    {
      "name": "T-1",
      "current": 2900.0,
      "max": 2900.0,
      "pct": 100.0,
      "state": "склад переполнен",
      "id": "t1",
      "craft_info": {
        "progress": 0.0,
        "craft": 0.0,
        "craft_real": 0.0,
        "workers": 145.0
      }
    },
    {
      "name": "PB-кислота",
      "current": 14000.0,
      "max": 14000.0,
      "pct": 100.0,
      "state": "склад переполнен",
      "id": "pbacid",
      "craft_info": {
        "progress": 0.0,
        "craft": 0.0,
        "craft_real": 0.0,
        "workers": 140.0
      }
    },
    {
      "name": "D1 Какамикадзе",
      "current": 14600.0,
      "max": 14600.0,
      "pct": 100.0,
      "state": "склад переполнен",
      "id": "d1k",
      "craft_info": {
        "progress": 0.0,
        "craft": 0.0,
        "craft_real": 0.0,
        "workers": 163.0
      }
    },
    {
      "name": "Урановые таблетки",
      "current": 0.0,
      "max": 24.0,
      "pct": 0.0,
      "state": "",
      "id": "uran_pills",
      "craft_info": {
        "progress": 1881.998,
        "craft": 0.0,
        "craft_real": 0.0,
        "workers": 1.0
      }
    },
    {
      "name": "Событийный ресурс",
      "current": 270.0,
      "max": 99999.0,
      "pct": 0.3,
      "state": "простаивает",
      "id": "event_res",
      "craft_info": {
        "progress": 0.0,
        "craft": 0.0,
        "craft_real": 0.0,
        "workers": 0
      }
    },
    {
      "name": "Кассета",
      "current": 7225.0,
      "max": 58000.0,
      "pct": 12.5,
      "state": "",
      "id": "cassete",
      "craft_info": {
        "progress": 48.99800000000014,
        "craft": 0.0,
        "craft_real": 0.0,
        "workers": 145.0
      }
    },
    {
      "name": "Микросхема",
      "current": 71650.0,
      "max": 72000.0,
      "pct": 99.5,
      "state": "",
      "id": "microcircuit1",
      "craft_info": {
        "progress": 123.99800000000013,
        "craft": 0.0,
        "craft_real": 0.0,
        "workers": 400.0
      }
    },
    {
      "name": "Кремний",
      "current": 518282.0,
      "max": 521000.0,
      "pct": 99.5,
      "state": "",
      "id": "silicon",
      "craft_info": {
        "progress": 37.99800000000014,
        "craft": 0.0,
        "craft_real": 0.0,
        "workers": 2171.0
      }
    },
    {
      "name": "Уран",
      "current": 74.0,
      "max": 118800.0,
      "pct": 0.1,
      "state": "",
      "id": "uranus",
      "craft_info": {
        "progress": 201.99800000000013,
        "craft": 0.0,
        "craft_real": 0.0,
        "workers": 10.0
      }
    },
    {
      "name": "Дискета",
      "current": 14400.0,
      "max": 31000.0,
      "pct": 46.5,
      "state": "",
      "id": "floppy",
      "craft_info": {
        "progress": 71.99800000000013,
        "craft": 0.0,
        "craft_real": 0.0,
        "workers": 130.0
      }
    },
    {
      "name": "D2",
      "current": 8988.0,
      "max": 11800.0,
      "pct": 76.2,
      "state": "",
      "id": "start_res2",
      "craft_info": {
        "progress": 176.99800000000013,
        "craft": 0.0,
        "craft_real": 0.0,
        "workers": 132.0
      }
    },
    {
      "name": "Жёсткий диск",
      "current": 0,
      "max": 10500.0,
      "pct": 0.0,
      "state": "",
      "id": "hdd",
      "craft_info": {
        "progress": 4.998000000000138,
        "craft": 0.0,
        "craft_real": 0.0,
        "workers": 175.0
      }
    },
    {
      "name": "Кварц",
      "current": 1110090.0,
      "max": 1189000.0,
      "pct": 93.4,
      "state": "",
      "id": "quartz",
      "craft_info": {
        "progress": 37.99800000000014,
        "craft": 0.0,
        "craft_real": 0.0,
        "workers": 1982.0
      }
    },
    {
      "name": "Алюминий",
      "current": 2037505.0,
      "max": 2041000.0,
      "pct": 99.8,
      "state": "",
      "id": "aluminum",
      "craft_info": {
        "progress": 82.99800000000013,
        "craft": 0.0,
        "craft_real": 0.0,
        "workers": 5670.0
      }
    },
    {
      "name": "Сплав",
      "current": 264655.0,
      "max": 265000.0,
      "pct": 99.9,
      "state": "",
      "id": "alloy1",
      "craft_info": {
        "progress": 9.998000000000138,
        "craft": 0.0,
        "craft_real": 0.0,
        "workers": 1105.0
      }
    },
    {
      "name": "Мясной бегун",
      "current": 80.0,
      "max": 300.0,
      "pct": 26.7,
      "state": "",
      "id": "meatrunner",
      "craft_info": {
        "progress": 730.9980000000002,
        "craft": 0.0,
        "craft_real": 0.0,
        "workers": 10.0
      }
    }
  ],
  "notes": [],
  "steps": [
    {
      "name": "initUser",
      "status": "ok",
      "detail": "HTTP 200; извлечено: game_state, farm_ends_at, is_premium, balance_coin, balance_mcoin"
    }
  ],
  "exchange": [
    {
      "rid": "hdd",
      "name": "Жёсткий диск",
      "requested": 8750.0,
      "amount": 8750.0,
      "proceeds": "+102.54 ГиБ",
      "proceeds_real": true,
      "balance": 503898195121,
      "balance_ru": "469.29 ГиБ",
      "left": 0,
      "attempts": 1
    }
  ],
  "farm_ends_at": 1789580694231
}